// Bun Snapshot v1, https://goo.gl/fbAQLP

exports[`should match the textarea snapshot 1`] = `"<div><textarea id="name" name="name" class="py-2 px-3 sm:py-3 sm:px-4 block w-full border-gray-200 rounded-lg sm:text-sm focus:border-blue-500 focus:ring-blue-500 disabled:opacity-50 disabled:pointer-events-none dark:bg-neutral-900 dark:border-neutral-700 dark:text-neutral-400 dark:placeholder-neutral-500 dark:focus:ring-neutral-600" rows="3" data-hs-textarea-auto-height=""></textarea></div>"`;

exports[`should match the textarea snapshot with label 1`] = `"<div><label for="name" class="block mb-2 text-sm text-gray-700 font-medium dark:text-white">Name</label><textarea id="name" name="name" class="py-2 px-3 sm:py-3 sm:px-4 block w-full border-gray-200 rounded-lg sm:text-sm focus:border-blue-500 focus:ring-blue-500 disabled:opacity-50 disabled:pointer-events-none dark:bg-neutral-900 dark:border-neutral-700 dark:text-neutral-400 dark:placeholder-neutral-500 dark:focus:ring-neutral-600" rows="3" data-hs-textarea-auto-height=""></textarea></div>"`;

exports[`should match the textarea snapshot with description 1`] = `"<div><p class="mb-2 text-sm text-gray-500 dark:text-neutral-500">Description</p><textarea id="name" name="name" class="py-2 px-3 sm:py-3 sm:px-4 block w-full border-gray-200 rounded-lg sm:text-sm focus:border-blue-500 focus:ring-blue-500 disabled:opacity-50 disabled:pointer-events-none dark:bg-neutral-900 dark:border-neutral-700 dark:text-neutral-400 dark:placeholder-neutral-500 dark:focus:ring-neutral-600" rows="3" data-hs-textarea-auto-height=""></textarea></div>"`;

exports[`should match the textarea snapshot with label and description 1`] = `"<div><label for="name" class="block mb-2 text-sm text-gray-700 font-medium dark:text-white">Name</label><p class="mb-2 text-sm text-gray-500 dark:text-neutral-500">Description</p><textarea id="name" name="name" class="py-2 px-3 sm:py-3 sm:px-4 block w-full border-gray-200 rounded-lg sm:text-sm focus:border-blue-500 focus:ring-blue-500 disabled:opacity-50 disabled:pointer-events-none dark:bg-neutral-900 dark:border-neutral-700 dark:text-neutral-400 dark:placeholder-neutral-500 dark:focus:ring-neutral-600" rows="3" data-hs-textarea-auto-height=""></textarea></div>"`;

exports[`should match the textarea snapshot with placeholder 1`] = `"<div><textarea id="name" name="name" class="py-2 px-3 sm:py-3 sm:px-4 block w-full border-gray-200 rounded-lg sm:text-sm focus:border-blue-500 focus:ring-blue-500 disabled:opacity-50 disabled:pointer-events-none dark:bg-neutral-900 dark:border-neutral-700 dark:text-neutral-400 dark:placeholder-neutral-500 dark:focus:ring-neutral-600" rows="3" placeholder="Placeholder" data-hs-textarea-auto-height=""></textarea></div>"`;

exports[`should match the textarea snapshot with required 1`] = `"<div><textarea id="name" name="name" required="" class="py-2 px-3 sm:py-3 sm:px-4 block w-full border-gray-200 rounded-lg sm:text-sm focus:border-blue-500 focus:ring-blue-500 disabled:opacity-50 disabled:pointer-events-none dark:bg-neutral-900 dark:border-neutral-700 dark:text-neutral-400 dark:placeholder-neutral-500 dark:focus:ring-neutral-600" rows="3" data-hs-textarea-auto-height=""></textarea></div>"`;
