// Bun Snapshot v1, https://goo.gl/fbAQLP

exports[`Form should match the form snapshot 1`] = `"<div class="w-full h-screen bg-gray-50 dark:bg-neutral-800"><div class="max-w-[85rem] px-4 py-10 sm:px-6 lg:px-8 lg:py-14 mx-auto"><div class="max-w-xl mx-auto"><div class="text-center"><h1 class="text-3xl font-bold text-gray-800 sm:text-4xl dark:text-white">Form</h1></div><div class="mt-12"><form action="/form/user" method="POST"><div class="grid gap-4 lg:gap-6"><div class="mt-6 grid"><button type="submit" class="w-full py-3 px-4 inline-flex justify-center items-center gap-x-2 text-sm font-medium rounded-lg border border-transparent bg-blue-600 text-white hover:bg-blue-700 focus:outline-hidden focus:bg-blue-700 disabled:opacity-50 disabled:pointer-events-none"></button></div></div></form></div></div></div></div>"`;

exports[`Form should match the form snapshot with description 1`] = `"<div class="w-full h-screen bg-gray-50 dark:bg-neutral-800"><div class="max-w-[85rem] px-4 py-10 sm:px-6 lg:px-8 lg:py-14 mx-auto"><div class="max-w-xl mx-auto"><div class="text-center"><h1 class="text-3xl font-bold text-gray-800 sm:text-4xl dark:text-white">Form</h1><p class="mt-1 text-gray-600 dark:text-neutral-400">Form description</p></div><div class="mt-12"><form action="/form/user" method="POST"><div class="grid gap-4 lg:gap-6"><div class="mt-6 grid"><button type="submit" class="w-full py-3 px-4 inline-flex justify-center items-center gap-x-2 text-sm font-medium rounded-lg border border-transparent bg-blue-600 text-white hover:bg-blue-700 focus:outline-hidden focus:bg-blue-700 disabled:opacity-50 disabled:pointer-events-none"></button></div></div></form></div></div></div></div>"`;

exports[`Form should match the form snapshot with submit label 1`] = `"<div class="w-full h-screen bg-gray-50 dark:bg-neutral-800"><div class="max-w-[85rem] px-4 py-10 sm:px-6 lg:px-8 lg:py-14 mx-auto"><div class="max-w-xl mx-auto"><div class="text-center"><h1 class="text-3xl font-bold text-gray-800 sm:text-4xl dark:text-white">Form</h1></div><div class="mt-12"><form action="/form/user" method="POST"><div class="grid gap-4 lg:gap-6"><div class="mt-6 grid"><button type="submit" class="w-full py-3 px-4 inline-flex justify-center items-center gap-x-2 text-sm font-medium rounded-lg border border-transparent bg-blue-600 text-white hover:bg-blue-700 focus:outline-hidden focus:bg-blue-700 disabled:opacity-50 disabled:pointer-events-none">Save</button></div></div></form></div></div></div></div>"`;
